Instruction: mov
Destination: (register) %A
Source: (immediate) $-127
