Mnemonic: OP_MOV
Left  Operand (register): %A
Right Operand (immediate): $ 127
