Instruction: store
Base: (immediate) $ 42
Source: (register) %A
Instruction: load
Destination: (register) %A
Base: (immediate) $ 42
Instruction: store
Base: (register) %B
Source: (register) %A
Instruction: load
Destination: (register) %A
Base: (register) %B
