Instruction: mov
Destination: (register) %A
Source: (immediate) $ 42
Instruction: mov
Destination: (register) %C
Source: (register) %A
Instruction: mov
Destination: (register) %D
Source: (register) %A
