Mnemonic: OP_PUSH
Left  Operand (register): %C
Mnemonic: OP_POP
Left  Operand (register): %A
Mnemonic: OP_PUSH
Left  Operand (register): %A
Mnemonic: OP_POP
Left  Operand (register): %R
