Instruction: cmp
Source1: (register) %C
Source2: (immediate) $-8
Instruction: cmp
Source1: (register) %A
Source2: (immediate) $ 2
Instruction: cmp
Source1: (register) %A
Source2: (register) %B
Instruction: cmp
Source1: (register) %R
Source2: (register) %C
Instruction: Exit
