Mnemonic: OP_MOV
Left  Operand (register): %A
Right Operand (immediate): $ 42
Mnemonic: OP_MOV
Left  Operand (register): %C
Right Operand (immediate): $ 120
Mnemonic: OP_MOV
Left  Operand (register): %R
Right Operand (immediate): $ 0
Mnemonic: OP_MOV
Left  Operand (register): %B
Right Operand (immediate): $-8
Mnemonic: OP_MOV
Left  Operand (register): %C
Right Operand (register): %A
Mnemonic: OP_MOV
Left  Operand (register): %B
Right Operand (register): %R
Mnemonic: OP_MOV
Left  Operand (register): %D
Right Operand (register): %C
