Mnemonic: OP_OR
Left  Operand (register): %C
Right Operand (immediate): $ 8
Mnemonic: OP_OR
Left  Operand (register): %A
Right Operand (immediate): $-2
Mnemonic: OP_OR
Left  Operand (register): %A
Right Operand (register): %B
Mnemonic: OP_OR
Left  Operand (register): %R
Right Operand (register): %C
