Instruction: mov
Destination: (register) %C
Source: (immediate) $-8
Instruction: Exit
