Instruction: and
Destination: (register) %C
Source1: (register) %C
Source2: (immediate) $ 8
Instruction: and
Destination: (register) %A
Source1: (register) %A
Source2: (immediate) $-2
Instruction: and
Destination: (register) %A
Source1: (register) %A
Source2: (register) %B
Instruction: and
Destination: (register) %R
Source1: (register) %R
Source2: (register) %C
