Error with the filename. Maybe it does not exists?
